Nov 22 15:25:28 znp-k1 kernel: KASLR disabled due to lack of seed
Nov 22 15:25:28 znp-k1 kernel: gpio gpiochip0: Static allocation of GPIO base is deprecated, use dynamic allocation.
Nov 22 15:25:28 znp-k1 kernel: gpio gpiochip1: Static allocation of GPIO base is deprecated, use dynamic allocation.
Nov 22 15:25:28 znp-k1 kernel: gpio gpiochip2: Static allocation of GPIO base is deprecated, use dynamic allocation.
Nov 22 15:25:28 znp-k1 kernel: gpio gpiochip3: Static allocation of GPIO base is deprecated, use dynamic allocation.
Nov 22 15:25:28 znp-k1 kernel: dwc2 ff580000.usb: supply vusb_d not found, using dummy regulator
Nov 22 15:25:28 znp-k1 kernel: dwc2 ff580000.usb: supply vusb_a not found, using dummy regulator
Nov 22 15:25:28 znp-k1 kernel: dw_wdt ff1a0000.watchdog: No valid TOPs array specified
Nov 22 15:25:28 znp-k1 kernel: dwhdmi-rockchip ff3c0000.hdmi: supply avdd-0v9 not found, using dummy regulator
Nov 22 15:25:28 znp-k1 kernel: dwhdmi-rockchip ff3c0000.hdmi: supply avdd-1v8 not found, using dummy regulator
Nov 22 15:25:28 znp-k1 kernel: rk_gmac-dwmac ff550000.ethernet: Can not read property: tx_delay.
Nov 22 15:25:28 znp-k1 kernel: rk_gmac-dwmac ff550000.ethernet: set tx_delay to 0x30
Nov 22 15:25:28 znp-k1 kernel: rk_gmac-dwmac ff550000.ethernet: Can not read property: rx_delay.
Nov 22 15:25:28 znp-k1 kernel: rk_gmac-dwmac ff550000.ethernet: set rx_delay to 0x10
Nov 22 15:25:28 znp-k1 systemd[1]: System cannot boot: Missing /etc/machine-id and /etc is mounted read-only.
Nov 22 15:25:28 znp-k1 systemd[1]: Booting up is supported only when:
Nov 22 15:25:28 znp-k1 systemd[1]: 1) /etc/machine-id exists and is populated.
Nov 22 15:25:28 znp-k1 systemd[1]: 2) /etc/machine-id exists and is empty.
Nov 22 15:25:28 znp-k1 systemd[1]: 3) /etc/machine-id is missing and /etc is writable.
Nov 22 15:25:28 znp-k1 kernel: dw-apb-uart ff130000.serial: forbid DMA for kernel console
Nov 22 15:25:28 znp-k1 systemd[1]: Failed to populate /etc with preset unit settings, ignoring: Read-only file system
Nov 22 15:25:29 znp-k1 kernel: brcmfmac: brcmf_fw_alloc_request: using brcm/brcmfmac43430-sdio for chip BCM43430/1
Nov 22 15:25:29 znp-k1 kernel: brcmfmac mmc2:0001:1: Direct firmware load for brcm/brcmfmac43430-sdio.firefly,roc-rk3328-cc.bin failed with error -2
Nov 22 15:25:29 znp-k1 kernel: brcmfmac: brcmf_c_process_txcap_blob: no txcap_blob available (err=-2)
Nov 22 15:25:29 znp-k1 kernel: brcmfmac: brcmf_c_preinit_dcmds: Firmware: BCM43430/1 wl0: Mar 30 2021 01:12:21 version 7.45.98.118 (7d96287 CY) FWID 01-32059766
Nov 22 15:25:30 znp-k1 systemd-udevd[270]: /usr/lib/udev/rules.d/90-alsa-restore.rules:18 GOTO="alsa_restore_std" has no matching label, ignoring.
Nov 22 15:25:30 znp-k1 systemd-udevd[270]: /usr/lib/udev/rules.d/90-alsa-restore.rules:18 The line has no effect any more, dropping.
Nov 22 15:25:30 znp-k1 systemd-udevd[270]: /usr/lib/udev/rules.d/90-alsa-restore.rules:22 GOTO="alsa_restore_std" has no matching label, ignoring.
Nov 22 15:25:30 znp-k1 systemd-udevd[270]: /usr/lib/udev/rules.d/90-alsa-restore.rules:22 The line has no effect any more, dropping.
Nov 22 15:25:34 znp-k1 (udev-worker)[276]: controlC0: Process '/usr/sbin/alsactl -E HOME=/run/alsa -E XDG_RUNTIME_DIR=/run/alsa/runtime restore 0' failed with exit code 99.
Nov 22 15:25:29 znp-k1 systemd-tmpfiles[468]: Setting file flags is only supported on regular files and directories, cannot set on '/var/log/journal'.
Nov 22 15:25:33 znp-k1 systemd[1]: mjpg-streamer-webcam1.service: Failed with result 'exit-code'.
Nov 22 15:25:34 znp-k1 systemd[1]: mjpg-streamer-webcam1.service: Failed with result 'exit-code'.
Nov 22 15:25:34 znp-k1 systemd[1]: mjpg-streamer-webcam1.service: Failed with result 'exit-code'.
Nov 22 15:25:35 znp-k1 systemd[1]: mjpg-streamer-webcam1.service: Failed with result 'exit-code'.
Nov 22 15:25:36 znp-k1 systemd[1]: mjpg-streamer-webcam1.service: Failed with result 'exit-code'.
Nov 22 15:25:36 znp-k1 systemd[1]: mjpg-streamer-webcam1.service: Start request repeated too quickly.
Nov 22 15:25:36 znp-k1 systemd[1]: mjpg-streamer-webcam1.service: Failed with result 'exit-code'.
Nov 22 15:25:36 znp-k1 systemd[1]: Failed to start mjpg-streamer-webcam1.service - MJPG Streamer Service for Webcam 1.
Nov 22 15:25:36 znp-k1 NetworkManager[581]: <error> [1763825136.9236] /etc/machine-id: no valid machine-id. Use fake one based on secret-key: af1208619e885f92925c8c67fe7ad5ee
Nov 22 15:25:41 znp-k1 kernel: platform hdmi-sound: deferred probe pending: asoc-simple-card: parse error
Aug 25 12:43:21 znp-k1 kernel: irq 34: nobody cared (try booting with the "irqpoll" option)
Aug 25 12:43:21 znp-k1 kernel: CPU: 0 UID: 0 PID: 0 Comm: swapper/0 Not tainted 6.16.12-edge-rockchip64 #3 PREEMPT_RT 
Aug 25 12:43:21 znp-k1 kernel: Hardware name: Makerbase mks-pi (DT)
Aug 25 12:43:21 znp-k1 kernel: Call trace:
Aug 25 12:43:21 znp-k1 kernel:  show_stack+0x18/0x24 (C)
Aug 25 12:43:21 znp-k1 kernel:  dump_stack_lvl+0x78/0x90
Aug 25 12:43:21 znp-k1 kernel:  dump_stack+0x18/0x24
Aug 25 12:43:21 znp-k1 kernel:  __report_bad_irq+0x38/0xe8
Aug 25 12:43:21 znp-k1 kernel:  note_interrupt+0x310/0x360
Aug 25 12:43:21 znp-k1 kernel:  handle_irq_event+0x9c/0xac
Aug 25 12:43:21 znp-k1 kernel:  handle_level_irq+0xdc/0x1e8
Aug 25 12:43:21 znp-k1 kernel:  handle_irq_desc+0x40/0x58
Aug 25 12:43:21 znp-k1 kernel:  generic_handle_domain_irq+0x1c/0x28
Aug 25 12:43:21 znp-k1 kernel:  rockchip_irq_demux+0x9c/0x21c
Aug 25 12:43:21 znp-k1 kernel:  handle_irq_desc+0x40/0x58
Aug 25 12:43:21 znp-k1 kernel:  generic_handle_domain_irq+0x1c/0x28
Aug 25 12:43:21 znp-k1 kernel:  gic_handle_irq+0x40/0xc8
Aug 25 12:43:21 znp-k1 kernel:  call_on_irq_stack+0x30/0x64
Aug 25 12:43:21 znp-k1 kernel:  do_interrupt_handler+0xd4/0xd8
Aug 25 12:43:21 znp-k1 kernel:  el1_interrupt+0x34/0x68
Aug 25 12:43:21 znp-k1 kernel:  el1h_64_irq_handler+0x18/0x24
Aug 25 12:43:21 znp-k1 kernel:  el1h_64_irq+0x6c/0x70
Aug 25 12:43:21 znp-k1 kernel:  cpuidle_enter_state+0xc0/0x4c0 (P)
Aug 25 12:43:21 znp-k1 kernel:  cpuidle_enter+0x38/0x50
Aug 25 12:43:21 znp-k1 kernel:  do_idle+0x1cc/0x230
Aug 25 12:43:21 znp-k1 kernel:  cpu_startup_entry+0x34/0x3c
Aug 25 12:43:21 znp-k1 kernel:  kernel_init+0x0/0x1e8
Aug 25 12:43:21 znp-k1 kernel:  start_kernel+0x738/0x950
Aug 25 12:43:21 znp-k1 kernel:  __primary_switched+0x88/0x90
Aug 25 12:43:21 znp-k1 kernel: handlers:
Aug 25 12:43:21 znp-k1 kernel: [<00000000a9d81f33>] irq_default_primary_handler threaded [<00000000189658ee>] regmap_irq_thread
Aug 25 12:43:21 znp-k1 kernel: Disabling IRQ #34
Aug 25 12:46:23 znp-k1 systemd[1]: power_monitor.service: Failed with result 'exit-code'.
